/products 100.114.232.150
/faq 102.38.137.231
/home 102.38.137.231
/products 166.4.30.234
/products 100.114.232.150
/about 52.110.32.70
/products 100.114.232.150
/home 117.159.255.45
/faq 102.38.137.231
/home 90.181.146.0
